[2026-06-14 12:18:16] ERROR: Create laundry shop error: LaundryShop.findOne is not a function
[2026-06-14 12:18:16] ERROR: TypeError: LaundryShop.findOne is not a function
    at exports.createLaundryShop (D:\Cleanovy-backend\src\controllers\authController.js:479:40)
    at Layer.handle [as handle_request] (D:\Cleanovy-backend\node_modules\express\lib\router\layer.js:95:5)
    at next (D:\Cleanovy-backend\node_modules\express\lib\router\route.js:149:13)
    at Route.dispatch (D:\Cleanovy-backend\node_modules\express\lib\router\route.js:119:3)
    at Layer.handle [as handle_request] (D:\Cleanovy-backend\node_modules\express\lib\router\layer.js:95:5)
    at D:\Cleanovy-backend\node_modules\express\lib\router\index.js:284:15
    at router.process_params (D:\Cleanovy-backend\node_modules\express\lib\router\index.js:346:12)
    at next (D:\Cleanovy-backend\node_modules\express\lib\router\index.js:280:10)
    at exports.protect (D:\Cleanovy-backend\src\middleware\authMiddleware.js:44:5)
    at process.processTicksAndRejections (node:internal/process/task_queues:103:5)
[2026-06-15 10:18:28] ERROR: Register error: next is not a function
[2026-06-15 10:18:28] ERROR: TypeError: next is not a function
    at model.<anonymous> (D:\Cleanovy-backend\src\models\userModel.js:110:44)
    at Kareem.execPre (D:\Cleanovy-backend\node_modules\kareem\index.js:59:39)
    at process.processTicksAndRejections (node:internal/process/task_queues:103:5)
[2026-06-15 12:33:37] ERROR: Uncaught Exception: listen EADDRINUSE: address already in use :::3000
[2026-06-15 12:55:51] ERROR: Uncaught Exception: listen EADDRINUSE: address already in use :::3000
[2026-06-15 18:37:14] ERROR: StrictPopulateError: Cannot populate path `client` because it is not in your schema. Set the `strictPopulate` option to false to override.
    at getModelsMapForPopulate (C:\Users\Admin\Desktop\gradution project\Cleanovy-backend\node_modules\mongoose\lib\helpers\populate\getModelsMapForPopulate.js:55:12)
    at _populatePath (C:\Users\Admin\Desktop\gradution project\Cleanovy-backend\node_modules\mongoose\lib\model.js:4417:21)
    at model.populate (C:\Users\Admin\Desktop\gradution project\Cleanovy-backend\node_modules\mongoose\lib\model.js:4384:21)
    at model.Query._find (C:\Users\Admin\Desktop\gradution project\Cleanovy-backend\node_modules\mongoose\lib\query.js:2505:23)
    at process.processTicksAndRejections (node:internal/process/task_queues:104:5)
    at async model.Query.exec (C:\Users\Admin\Desktop\gradution project\Cleanovy-backend\node_modules\mongoose\lib\query.js:4797:63)
    at async Promise.all (index 0)
    at async exports.getReviews (C:\Users\Admin\Desktop\gradution project\Cleanovy-backend\src\controllers\admin\reviews.controller.js:46:40)
[2026-06-15 18:37:14] ERROR: StrictPopulateError: Cannot populate path `client` because it is not in your schema. Set the `strictPopulate` option to false to override.
    at getModelsMapForPopulate (C:\Users\Admin\Desktop\gradution project\Cleanovy-backend\node_modules\mongoose\lib\helpers\populate\getModelsMapForPopulate.js:55:12)
    at _populatePath (C:\Users\Admin\Desktop\gradution project\Cleanovy-backend\node_modules\mongoose\lib\model.js:4417:21)
    at model.populate (C:\Users\Admin\Desktop\gradution project\Cleanovy-backend\node_modules\mongoose\lib\model.js:4384:21)
    at model.Query._find (C:\Users\Admin\Desktop\gradution project\Cleanovy-backend\node_modules\mongoose\lib\query.js:2505:23)
    at process.processTicksAndRejections (node:internal/process/task_queues:104:5)
    at async model.Query.exec (C:\Users\Admin\Desktop\gradution project\Cleanovy-backend\node_modules\mongoose\lib\query.js:4797:63)
    at async Promise.all (index 0)
    at async exports.getReviews (C:\Users\Admin\Desktop\gradution project\Cleanovy-backend\src\controllers\admin\reviews.controller.js:46:40)
[2026-06-15 19:06:55] ERROR: StrictPopulateError: Cannot populate path `client` because it is not in your schema. Set the `strictPopulate` option to false to override.
    at getModelsMapForPopulate (C:\Users\Admin\Desktop\gradution project\Cleanovy-backend\node_modules\mongoose\lib\helpers\populate\getModelsMapForPopulate.js:55:12)
    at _populatePath (C:\Users\Admin\Desktop\gradution project\Cleanovy-backend\node_modules\mongoose\lib\model.js:4417:21)
    at model.populate (C:\Users\Admin\Desktop\gradution project\Cleanovy-backend\node_modules\mongoose\lib\model.js:4384:21)
    at model.Query._find (C:\Users\Admin\Desktop\gradution project\Cleanovy-backend\node_modules\mongoose\lib\query.js:2505:23)
    at process.processTicksAndRejections (node:internal/process/task_queues:104:5)
    at async model.Query.exec (C:\Users\Admin\Desktop\gradution project\Cleanovy-backend\node_modules\mongoose\lib\query.js:4797:63)
    at async Promise.all (index 0)
    at async exports.getReviews (C:\Users\Admin\Desktop\gradution project\Cleanovy-backend\src\controllers\admin\reviews.controller.js:46:40)
[2026-06-15 19:06:55] ERROR: StrictPopulateError: Cannot populate path `client` because it is not in your schema. Set the `strictPopulate` option to false to override.
    at getModelsMapForPopulate (C:\Users\Admin\Desktop\gradution project\Cleanovy-backend\node_modules\mongoose\lib\helpers\populate\getModelsMapForPopulate.js:55:12)
    at _populatePath (C:\Users\Admin\Desktop\gradution project\Cleanovy-backend\node_modules\mongoose\lib\model.js:4417:21)
    at model.populate (C:\Users\Admin\Desktop\gradution project\Cleanovy-backend\node_modules\mongoose\lib\model.js:4384:21)
    at model.Query._find (C:\Users\Admin\Desktop\gradution project\Cleanovy-backend\node_modules\mongoose\lib\query.js:2505:23)
    at process.processTicksAndRejections (node:internal/process/task_queues:104:5)
    at async model.Query.exec (C:\Users\Admin\Desktop\gradution project\Cleanovy-backend\node_modules\mongoose\lib\query.js:4797:63)
    at async Promise.all (index 0)
    at async exports.getReviews (C:\Users\Admin\Desktop\gradution project\Cleanovy-backend\src\controllers\admin\reviews.controller.js:46:40)
[2026-06-15 19:07:41] ERROR: StrictPopulateError: Cannot populate path `client` because it is not in your schema. Set the `strictPopulate` option to false to override.
    at getModelsMapForPopulate (C:\Users\Admin\Desktop\gradution project\Cleanovy-backend\node_modules\mongoose\lib\helpers\populate\getModelsMapForPopulate.js:55:12)
    at _populatePath (C:\Users\Admin\Desktop\gradution project\Cleanovy-backend\node_modules\mongoose\lib\model.js:4417:21)
    at model.populate (C:\Users\Admin\Desktop\gradution project\Cleanovy-backend\node_modules\mongoose\lib\model.js:4384:21)
    at model.Query._find (C:\Users\Admin\Desktop\gradution project\Cleanovy-backend\node_modules\mongoose\lib\query.js:2505:23)
    at process.processTicksAndRejections (node:internal/process/task_queues:104:5)
    at async model.Query.exec (C:\Users\Admin\Desktop\gradution project\Cleanovy-backend\node_modules\mongoose\lib\query.js:4797:63)
    at async Promise.all (index 0)
    at async exports.getReviews (C:\Users\Admin\Desktop\gradution project\Cleanovy-backend\src\controllers\admin\reviews.controller.js:46:40)
[2026-06-15 19:07:41] ERROR: StrictPopulateError: Cannot populate path `client` because it is not in your schema. Set the `strictPopulate` option to false to override.
    at getModelsMapForPopulate (C:\Users\Admin\Desktop\gradution project\Cleanovy-backend\node_modules\mongoose\lib\helpers\populate\getModelsMapForPopulate.js:55:12)
    at _populatePath (C:\Users\Admin\Desktop\gradution project\Cleanovy-backend\node_modules\mongoose\lib\model.js:4417:21)
    at model.populate (C:\Users\Admin\Desktop\gradution project\Cleanovy-backend\node_modules\mongoose\lib\model.js:4384:21)
    at model.Query._find (C:\Users\Admin\Desktop\gradution project\Cleanovy-backend\node_modules\mongoose\lib\query.js:2505:23)
    at process.processTicksAndRejections (node:internal/process/task_queues:104:5)
    at async model.Query.exec (C:\Users\Admin\Desktop\gradution project\Cleanovy-backend\node_modules\mongoose\lib\query.js:4797:63)
    at async Promise.all (index 0)
    at async exports.getReviews (C:\Users\Admin\Desktop\gradution project\Cleanovy-backend\src\controllers\admin\reviews.controller.js:46:40)
[2026-06-15 19:07:45] ERROR: StrictPopulateError: Cannot populate path `client` because it is not in your schema. Set the `strictPopulate` option to false to override.
    at getModelsMapForPopulate (C:\Users\Admin\Desktop\gradution project\Cleanovy-backend\node_modules\mongoose\lib\helpers\populate\getModelsMapForPopulate.js:55:12)
    at _populatePath (C:\Users\Admin\Desktop\gradution project\Cleanovy-backend\node_modules\mongoose\lib\model.js:4417:21)
    at model.populate (C:\Users\Admin\Desktop\gradution project\Cleanovy-backend\node_modules\mongoose\lib\model.js:4384:21)
    at model.Query._find (C:\Users\Admin\Desktop\gradution project\Cleanovy-backend\node_modules\mongoose\lib\query.js:2505:23)
    at process.processTicksAndRejections (node:internal/process/task_queues:104:5)
    at async model.Query.exec (C:\Users\Admin\Desktop\gradution project\Cleanovy-backend\node_modules\mongoose\lib\query.js:4797:63)
    at async Promise.all (index 0)
    at async exports.getReviews (C:\Users\Admin\Desktop\gradution project\Cleanovy-backend\src\controllers\admin\reviews.controller.js:46:40)
[2026-06-15 19:07:45] ERROR: StrictPopulateError: Cannot populate path `client` because it is not in your schema. Set the `strictPopulate` option to false to override.
    at getModelsMapForPopulate (C:\Users\Admin\Desktop\gradution project\Cleanovy-backend\node_modules\mongoose\lib\helpers\populate\getModelsMapForPopulate.js:55:12)
    at _populatePath (C:\Users\Admin\Desktop\gradution project\Cleanovy-backend\node_modules\mongoose\lib\model.js:4417:21)
    at model.populate (C:\Users\Admin\Desktop\gradution project\Cleanovy-backend\node_modules\mongoose\lib\model.js:4384:21)
    at model.Query._find (C:\Users\Admin\Desktop\gradution project\Cleanovy-backend\node_modules\mongoose\lib\query.js:2505:23)
    at process.processTicksAndRejections (node:internal/process/task_queues:104:5)
    at async model.Query.exec (C:\Users\Admin\Desktop\gradution project\Cleanovy-backend\node_modules\mongoose\lib\query.js:4797:63)
    at async Promise.all (index 0)
    at async exports.getReviews (C:\Users\Admin\Desktop\gradution project\Cleanovy-backend\src\controllers\admin\reviews.controller.js:46:40)
[2026-06-15 19:11:01] ERROR: StrictPopulateError: Cannot populate path `client` because it is not in your schema. Set the `strictPopulate` option to false to override.
    at getModelsMapForPopulate (C:\Users\Admin\Desktop\gradution project\Cleanovy-backend\node_modules\mongoose\lib\helpers\populate\getModelsMapForPopulate.js:55:12)
    at _populatePath (C:\Users\Admin\Desktop\gradution project\Cleanovy-backend\node_modules\mongoose\lib\model.js:4417:21)
    at model.populate (C:\Users\Admin\Desktop\gradution project\Cleanovy-backend\node_modules\mongoose\lib\model.js:4384:21)
    at model.Query._find (C:\Users\Admin\Desktop\gradution project\Cleanovy-backend\node_modules\mongoose\lib\query.js:2505:23)
    at process.processTicksAndRejections (node:internal/process/task_queues:104:5)
    at async model.Query.exec (C:\Users\Admin\Desktop\gradution project\Cleanovy-backend\node_modules\mongoose\lib\query.js:4797:63)
    at async Promise.all (index 0)
    at async exports.getReviews (C:\Users\Admin\Desktop\gradution project\Cleanovy-backend\src\controllers\admin\reviews.controller.js:46:40)
[2026-06-15 19:12:17] ERROR: StrictPopulateError: Cannot populate path `client` because it is not in your schema. Set the `strictPopulate` option to false to override.
    at getModelsMapForPopulate (C:\Users\Admin\Desktop\gradution project\Cleanovy-backend\node_modules\mongoose\lib\helpers\populate\getModelsMapForPopulate.js:55:12)
    at _populatePath (C:\Users\Admin\Desktop\gradution project\Cleanovy-backend\node_modules\mongoose\lib\model.js:4417:21)
    at model.populate (C:\Users\Admin\Desktop\gradution project\Cleanovy-backend\node_modules\mongoose\lib\model.js:4384:21)
    at model.Query._find (C:\Users\Admin\Desktop\gradution project\Cleanovy-backend\node_modules\mongoose\lib\query.js:2505:23)
    at process.processTicksAndRejections (node:internal/process/task_queues:104:5)
    at async model.Query.exec (C:\Users\Admin\Desktop\gradution project\Cleanovy-backend\node_modules\mongoose\lib\query.js:4797:63)
    at async Promise.all (index 0)
    at async exports.getReviews (C:\Users\Admin\Desktop\gradution project\Cleanovy-backend\src\controllers\admin\reviews.controller.js:46:40)
[2026-06-15 19:12:18] ERROR: StrictPopulateError: Cannot populate path `client` because it is not in your schema. Set the `strictPopulate` option to false to override.
    at getModelsMapForPopulate (C:\Users\Admin\Desktop\gradution project\Cleanovy-backend\node_modules\mongoose\lib\helpers\populate\getModelsMapForPopulate.js:55:12)
    at _populatePath (C:\Users\Admin\Desktop\gradution project\Cleanovy-backend\node_modules\mongoose\lib\model.js:4417:21)
    at model.populate (C:\Users\Admin\Desktop\gradution project\Cleanovy-backend\node_modules\mongoose\lib\model.js:4384:21)
    at model.Query._find (C:\Users\Admin\Desktop\gradution project\Cleanovy-backend\node_modules\mongoose\lib\query.js:2505:23)
    at process.processTicksAndRejections (node:internal/process/task_queues:104:5)
    at async model.Query.exec (C:\Users\Admin\Desktop\gradution project\Cleanovy-backend\node_modules\mongoose\lib\query.js:4797:63)
    at async Promise.all (index 0)
    at async exports.getReviews (C:\Users\Admin\Desktop\gradution project\Cleanovy-backend\src\controllers\admin\reviews.controller.js:46:40)
[2026-06-15 19:27:53] ERROR: StrictPopulateError: Cannot populate path `client` because it is not in your schema. Set the `strictPopulate` option to false to override.
    at getModelsMapForPopulate (C:\Users\Admin\Desktop\gradution project\Cleanovy-backend\node_modules\mongoose\lib\helpers\populate\getModelsMapForPopulate.js:55:12)
    at _populatePath (C:\Users\Admin\Desktop\gradution project\Cleanovy-backend\node_modules\mongoose\lib\model.js:4417:21)
    at model.populate (C:\Users\Admin\Desktop\gradution project\Cleanovy-backend\node_modules\mongoose\lib\model.js:4384:21)
    at model.Query._find (C:\Users\Admin\Desktop\gradution project\Cleanovy-backend\node_modules\mongoose\lib\query.js:2505:23)
    at process.processTicksAndRejections (node:internal/process/task_queues:104:5)
    at async model.Query.exec (C:\Users\Admin\Desktop\gradution project\Cleanovy-backend\node_modules\mongoose\lib\query.js:4797:63)
    at async Promise.all (index 0)
    at async exports.getReviews (C:\Users\Admin\Desktop\gradution project\Cleanovy-backend\src\controllers\admin\reviews.controller.js:46:40)
[2026-06-15 19:27:54] ERROR: StrictPopulateError: Cannot populate path `client` because it is not in your schema. Set the `strictPopulate` option to false to override.
    at getModelsMapForPopulate (C:\Users\Admin\Desktop\gradution project\Cleanovy-backend\node_modules\mongoose\lib\helpers\populate\getModelsMapForPopulate.js:55:12)
    at _populatePath (C:\Users\Admin\Desktop\gradution project\Cleanovy-backend\node_modules\mongoose\lib\model.js:4417:21)
    at model.populate (C:\Users\Admin\Desktop\gradution project\Cleanovy-backend\node_modules\mongoose\lib\model.js:4384:21)
    at model.Query._find (C:\Users\Admin\Desktop\gradution project\Cleanovy-backend\node_modules\mongoose\lib\query.js:2505:23)
    at process.processTicksAndRejections (node:internal/process/task_queues:104:5)
    at async model.Query.exec (C:\Users\Admin\Desktop\gradution project\Cleanovy-backend\node_modules\mongoose\lib\query.js:4797:63)
    at async Promise.all (index 0)
    at async exports.getReviews (C:\Users\Admin\Desktop\gradution project\Cleanovy-backend\src\controllers\admin\reviews.controller.js:46:40)
[2026-06-15 19:57:56] ERROR: Uncaught Exception: listen EADDRINUSE: address already in use :::3000
[2026-06-15 20:30:14] ERROR: ❌ Email send failed to me30303281600661@depi.eui.edu.eg: Missing credentials for "PLAIN"
[2026-06-15 20:30:14] ERROR: Error: فشل في إرسال البريد الإلكتروني
    at sendEmail (C:\Users\Admin\Desktop\gradution project\Cleanovy-backend\src\services\emailService.js:172:11)
    at process.processTicksAndRejections (node:internal/process/task_queues:104:5)
    at async sendVerificationEmail (C:\Users\Admin\Desktop\gradution project\Cleanovy-backend\src\services\emailService.js:188:3)
    at async exports.register (C:\Users\Admin\Desktop\gradution project\Cleanovy-backend\src\controllers\authController.js:71:7)
[2026-06-15 20:38:15] ERROR: ❌ Email send failed to fullayousef3@gmail.com: Missing credentials for "PLAIN"
[2026-06-15 20:38:15] ERROR: Error: فشل في إرسال البريد الإلكتروني
    at sendEmail (C:\Users\Admin\Desktop\gradution project\Cleanovy-backend\src\services\emailService.js:172:11)
    at process.processTicksAndRejections (node:internal/process/task_queues:104:5)
    at async sendVerificationEmail (C:\Users\Admin\Desktop\gradution project\Cleanovy-backend\src\services\emailService.js:188:3)
    at async exports.register (C:\Users\Admin\Desktop\gradution project\Cleanovy-backend\src\controllers\authController.js:71:7)
[2026-06-15 20:38:16] ERROR: Create laundry shop error: Cannot read properties of undefined (reading 'role')
[2026-06-15 20:38:16] ERROR: TypeError: Cannot read properties of undefined (reading 'role')
    at exports.createLaundryShop (C:\Users\Admin\Desktop\gradution project\Cleanovy-backend\src\controllers\authController.js:455:18)
    at Layer.handle [as handle_request] (C:\Users\Admin\Desktop\gradution project\Cleanovy-backend\node_modules\express\lib\router\layer.js:95:5)
    at next (C:\Users\Admin\Desktop\gradution project\Cleanovy-backend\node_modules\express\lib\router\route.js:149:13)
    at Route.dispatch (C:\Users\Admin\Desktop\gradution project\Cleanovy-backend\node_modules\express\lib\router\route.js:119:3)
    at Layer.handle [as handle_request] (C:\Users\Admin\Desktop\gradution project\Cleanovy-backend\node_modules\express\lib\router\layer.js:95:5)
    at C:\Users\Admin\Desktop\gradution project\Cleanovy-backend\node_modules\express\lib\router\index.js:284:15
    at router.process_params (C:\Users\Admin\Desktop\gradution project\Cleanovy-backend\node_modules\express\lib\router\index.js:346:12)
    at next (C:\Users\Admin\Desktop\gradution project\Cleanovy-backend\node_modules\express\lib\router\index.js:280:10)
    at router.handle (C:\Users\Admin\Desktop\gradution project\Cleanovy-backend\node_modules\express\lib\router\index.js:175:3)
    at router (C:\Users\Admin\Desktop\gradution project\Cleanovy-backend\node_modules\express\lib\router\index.js:47:12)
[2026-06-16 09:45:36] ERROR: ❌ Email send failed to mona@gmail.com: Missing credentials for "PLAIN"
[2026-06-16 09:45:36] ERROR: Error: فشل في إرسال البريد الإلكتروني
    at sendEmail (C:\Users\Admin\Desktop\gradution project\Cleanovy-backend\src\services\emailService.js:172:11)
    at process.processTicksAndRejections (node:internal/process/task_queues:104:5)
    at async sendVerificationEmail (C:\Users\Admin\Desktop\gradution project\Cleanovy-backend\src\services\emailService.js:188:3)
    at async exports.register (C:\Users\Admin\Desktop\gradution project\Cleanovy-backend\src\controllers\authController.js:71:7)
